C:\Users\david\OneDrive\Escritorio\Papeleria Angular\papeleriaBackend\src\main\java\com\example\papeleriaBackend\controlador\CategoriaController.java
C:\Users\david\OneDrive\Escritorio\Papeleria Angular\papeleriaBackend\src\main\java\com\example\papeleriaBackend\controlador\ProductoController.java
C:\Users\david\OneDrive\Escritorio\Papeleria Angular\papeleriaBackend\src\main\java\com\example\papeleriaBackend\modelo\Categorias.java
C:\Users\david\OneDrive\Escritorio\Papeleria Angular\papeleriaBackend\src\main\java\com\example\papeleriaBackend\modelo\Productos.java
C:\Users\david\OneDrive\Escritorio\Papeleria Angular\papeleriaBackend\src\main\java\com\example\papeleriaBackend\PapeleriaBackendApplication.java
C:\Users\david\OneDrive\Escritorio\Papeleria Angular\papeleriaBackend\src\main\java\com\example\papeleriaBackend\repositorio\CategoriasRepositorio.java
C:\Users\david\OneDrive\Escritorio\Papeleria Angular\papeleriaBackend\src\main\java\com\example\papeleriaBackend\repositorio\ProductosRepositorio.java
C:\Users\david\OneDrive\Escritorio\Papeleria Angular\papeleriaBackend\src\main\java\com\example\papeleriaBackend\service\CategoriasService.java
C:\Users\david\OneDrive\Escritorio\Papeleria Angular\papeleriaBackend\src\main\java\com\example\papeleriaBackend\service\CategoriasServiceImp.java
C:\Users\david\OneDrive\Escritorio\Papeleria Angular\papeleriaBackend\src\main\java\com\example\papeleriaBackend\service\ProductosService.java
C:\Users\david\OneDrive\Escritorio\Papeleria Angular\papeleriaBackend\src\main\java\com\example\papeleriaBackend\service\ProductosServiceImp.java
